cargo :     Finished `release` profile [optimized] target(s) in 1.00s
At line:1 char:1
+ cargo test --release 2>&1 | Tee-Object -FilePath "test_output.txt" |  ...
+ ~~~~~~~~~~~~~~~~~~~~~~~~~
    + CategoryInfo          : NotSpecified: (    Finished `r...get(s) in 1.00s 
   :String) [], RemoteException
    + FullyQualifiedErrorId : NativeCommandError
 
     Running unittests src\main.rs (target\release\deps\proteus-d787c514452c1ab
0.exe)

running 328 tests
test benchmark::matching::tests::alarm_before_changepoint_is_false_positive ... ok
test benchmark::matching::tests::alarm_outside_window_is_false_positive ... ok
test benchmark::matching::tests::exact_match_single_changepoint ... ok
test benchmark::matching::tests::no_change_stream_all_alarms_false_positive ... ok
test benchmark::matching::tests::multiple_alarms_one_changepoint_only_first_counts ... ok
test benchmark::metrics::tests::delay_summary_nan_when_nothing_detected ... ok
test benchmark::matching::tests::multiple_changepoints_matched_in_order ... ok
test benchmark::matching::tests::no_alarms_all_changepoints_missed ... ok
test benchmark::matching::tests::match_within_window ... ok
test benchmark::matching::tests::window_boundary_inclusive_start_exclusive_end ... ok
test benchmark::metrics::tests::false_alarm_rate_correct ... ok
test benchmark::metrics::tests::delay_summary_correct_values ... ok
test benchmark::metrics::tests::first_false_alarm_correct_time ... ok
test benchmark::metrics::tests::first_false_alarm_none_when_no_fp ... ok
test benchmark::metrics::tests::no_alarms_recall_zero_and_miss_rate_one ... ok
test benchmark::metrics::tests::no_change_stream_nan_recall_and_miss_rate ... ok
test benchmark::metrics::tests::only_false_alarms_precision_zero ... ok
test benchmark::metrics::tests::perfect_detection_precision_recall_one ... ok
test benchmark::truth::tests::truth_accepts_empty_no_change ... ok
test benchmark::truth::tests::truth_accepts_valid_times ... ok
test benchmark::truth::tests::truth_rejects_non_increasing ... ok
test benchmark::truth::tests::truth_rejects_out_of_bounds ... ok
test calibration::mapping::tests::calibrate_outputs_valid_model_params ... ok
test calibration::mapping::tests::calibrate_respects_target_duration ... ok
test calibration::mapping::tests::duration_mapping_formula_matches ... ok
test calibration::mapping::tests::magnitude_conditioned_falls_back_when_no_observations ... ok
test calibration::mapping::tests::min_high_low_ratio_noop_when_already_above ... ok
test calibration::mapping::tests::magnitude_conditioned_splits_on_abs_y ... ok
test calibration::mapping::tests::min_high_low_ratio_lifts_collapsed_variances ... ok
test calibration::mapping::tests::quantile_variance_mapping_positive ... ok
test calibration::mapping::tests::quick_em_strategy_requires_observations ... ok
test calibration::mapping::tests::stationary_pi_falls_back_to_uniform_on_bad_input ... ok
test calibration::mapping::tests::stationary_pi_matches_known_two_state ... ok
test calibration::summary::tests::sign_change_fraction_correct ... ok
test calibration::summary::tests::episode_durations_nonzero ... ok
test calibration::summary::tests::summarize_values_basic_moments ... ok
test calibration::report::tests::report_view_serializable_shape ... ok
test calibration::report::tests::report_view_surfaces_mapping_notes_and_frequency ... ok
test calibration::summary::tests::summarize_values_empty_safe ... ok
test calibration::report::tests::workflow_returns_report ... ok
test calibration::verify::tests::field_results_populated_for_all_fields ... ok
test calibration::verify::tests::mask_excludes_disabled_field_from_global_verdict ... ok
test calibration::verify::tests::mask_for_policy_disables_dependence_under_quick_em ... ok
test calibration::verify::tests::mask_for_policy_disables_mean_when_zero_centered ... ok
test calibration::verify::tests::scale_check_fails_on_raw_vs_zscored ... ok
test calibration::verify::tests::scale_check_passes_when_close ... ok
test calibration::verify::tests::verify_fails_when_far ... ok
test calibration::verify::tests::verify_passes_when_close ... ok
test data::session::tests::filter_rth_keeps_last_rth_bar_and_drops_close ... ok
test data::session::tests::filter_rth_keeps_open_bar ... ok
test data::session::tests::filter_rth_removes_after_hours_bars ... ok
test data::session::tests::filter_rth_removes_premarket_bars ... ok
test data::session::tests::label_sessions_empty_is_ok ... ok
test data::session::tests::label_sessions_single_day_produces_one_boundary ... ok
test data::session::tests::label_sessions_two_days_produces_two_boundaries ... ok
test data::split::tests::all_in_train_when_cut_is_after_last_observation ... ok
test data::split::tests::assigns_observations_to_correct_partitions ... ok
test data::split::tests::no_temporal_overlap_between_partitions ... ok
test data::split::tests::partitions_cover_all_observations ... ok
test data::tests::from_response_empty_is_valid ... ok
test data::tests::from_response_removes_duplicate_timestamp ... ok
test data::tests::from_response_sorts_ascending_from_newest_first ... ok
test data::tests::values_and_timestamps_match_observations ... ok
test data::validation::tests::accepts_already_sorted_sequence ... ok
test data::validation::tests::daily_mode_never_reports_gaps ... ok
test data::validation::tests::detects_intraday_gap_exceeding_threshold ... ok
test data::validation::tests::empty_input_produces_empty_report ... ok
test data::validation::tests::normal_intraday_step_not_flagged_as_gap ... ok
test data::validation::tests::removes_duplicate_timestamps_keep_first ... ok
test data::validation::tests::sorts_unsorted_input_and_flags_it ... ok
test detector::frozen::tests::frozen_model_from_em_result_discards_history ... ok
test detector::frozen::tests::frozen_model_new_accepts_valid_params ... ok
test detector::frozen::tests::frozen_model_params_is_immutable_reference ... ok
test detector::frozen::tests::streaming_session_params_unchanged_after_steps ... ok
test detector::frozen::tests::streaming_session_reset_restores_initial_state ... ok
test detector::frozen::tests::streaming_session_step_batch_length_matches ... ok
test detector::frozen::tests::streaming_session_step_produces_output ... ok
test detector::hard_switch::tests::hard_switch_alarm_when_dominant_changes ... ok
test detector::frozen::tests::streaming_session_surprise_detector_composes ... ok
test detector::hard_switch::tests::hard_switch_no_alarm_when_regime_stays_same ... ok
test detector::hard_switch::tests::hard_switch_confidence_gate_suppresses_uncertain_switch ... ok
test detector::hard_switch::tests::hard_switch_not_ready_on_first_step ... ok
test detector::posterior_transition::tests::posterior_transition_leave_score_correct_value ... ok
test detector::hard_switch::tests::hard_switch_persistence_requires_consecutive_switches ... ok
test detector::posterior_transition::tests::posterior_transition_alarm_when_score_exceeds_threshold ... ok
test detector::posterior_transition::tests::posterior_transition_leave_score_in_unit_interval ... ok
test detector::posterior_transition::tests::posterior_transition_not_ready_on_first_step ... ok
test detector::posterior_transition::tests::posterior_transition_tv_score_extremes ... ok
test detector::posterior_transition::tests::posterior_transition_tv_score_zero_when_identical ... ok
test detector::surprise::tests::surprise_alarm_above_threshold ... ok
test detector::surprise::tests::surprise_ema_adjusted_score_and_alarm ... ok
test detector::surprise::tests::surprise_ema_not_ready_on_first_step ... ok
test detector::surprise::tests::surprise_no_alarm_below_threshold ... ok
test detector::surprise::tests::surprise_score_equals_neg_log_predictive ... ok
test detector::tests::detector_input_from_online_step_result ... ok
test detector::tests::persistence_cooldown_suppresses_refire ... ok
test detector::tests::persistence_default_fires_immediately ... ok
test detector::tests::persistence_miss_resets_counter ... ok
test detector::tests::persistence_requires_consecutive_crossings ... ok
test detector::tests::persistence_reset_clears_state ... ok
test experiments::config::tests::deterministic_run_id_without_seed_fails ... ok
test experiments::config::tests::mismatched_mode_eval_fails ... ok
test experiments::config::tests::valid_config_passes ... ok
test experiments::real_backend::tests::build_features_empty_data_returns_empty ... ok
test experiments::real_backend::tests::evaluate_synthetic_is_not_supported ... ok
test experiments::real_backend::tests::feature_family_conversion_covers_all_variants ... ok
test experiments::real_backend::tests::load_proxy_events_empty_path ... ok
test experiments::artifact::tests::output_dir_is_created ... ok
test experiments::artifact::tests::config_snapshot_written ... ok
test experiments::real_backend::tests::load_proxy_events_missing_file ... ok
test experiments::real_backend::tests::resolve_data_rejects_synthetic_config ... ok
test experiments::registry::tests::registry_all_valid ... ok
test experiments::registry::tests::registry_ids_unique ... ok
test experiments::real_backend::tests::scaling_policy_conversion_covers_all_variants ... ok
test experiments::search::tests::param_grid_n_points ... ok
test features::family::tests::label_roundtrip_contains_window ... ok
test features::family::tests::warmup_for_pointwise_families_is_one ... ok
test features::family::tests::warmup_for_rolling_is_window ... ok
test features::rolling::tests::no_session_reset_accumulates_across_days ... ok
test features::rolling::tests::rolling_stats_evicts_oldest ... ok
test features::rolling::tests::rolling_stats_constant_series_has_zero_vol ... ok
test experiments::runner::tests::failure_stage_is_recorded ... ok
test features::rolling::tests::rolling_stats_not_ready_before_full ... ok
test experiments::search::tests::grid_search_returns_sorted_results ... ok
test features::rolling::tests::rolling_stats_ready_after_window_values ... ok
test features::rolling::tests::rolling_stats_reset_clears_state ... ok
test features::rolling::tests::rolling_stats_vol_manual_window3 ... ok
test features::rolling::tests::rolling_vol_output_length ... ok
test features::rolling::tests::rolling_vol_timestamp_matches_last_window_bar ... ok
test experiments::runner::tests::routes_real_mode ... ok
test features::rolling::tests::standardized_returns_warmup_matches_window ... ok
test features::rolling::tests::standardized_return_formula_manual ... ok
test features::rolling::tests::rolling_vol_trailing_window_matches_manual ... ok
test features::rolling::tests::session_reset_clears_window_at_session_start ... ok
test features::scaler::tests::none_policy_is_identity ... ok
test calibration::mapping::tests::quick_em_recovers_two_regime_structure ... ok
test features::scaler::tests::percentile_sorted_endpoints ... ok
test features::scaler::tests::percentile_sorted_median_even_interpolated ... ok
test features::scaler::tests::percentile_sorted_median_odd ... ok
test features::scaler::tests::robust_zscore_iqr_correct ... ok
test features::scaler::tests::robust_zscore_median_maps_to_zero ... ok
test features::scaler::tests::scaler_fitted_on_train_applied_to_test ... ok
test features::scaler::tests::zscore_degenerate_constant_series ... ok
test features::scaler::tests::zscore_empty_training_set ... ok
test features::scaler::tests::zscore_mean_maps_to_zero ... ok
test features::stream::tests::abs_return_values_are_nonneg ... ok
test features::scaler::tests::zscore_scaled_values_have_unit_variance ... ok
test features::stream::tests::daily_mode_session_aware_flag_has_no_effect ... ok
test features::stream::tests::empty_price_series_produces_empty_stream ... ok
test features::stream::tests::experiment_label_contains_symbol_and_family ... ok
test features::stream::tests::intraday_session_aware_skips_overnight_returns ... ok
test features::stream::tests::log_return_stream_length_and_values ... ok
test features::stream::tests::rolling_vol_warmup_is_window ... ok
test features::stream::tests::single_price_produces_empty_log_return_stream ... ok
test features::stream::tests::warmup_metadata_is_one_for_log_return ... ok
test features::transform::tests::different_day_predicate_correct ... ok
test features::stream::tests::zscore_train_prefix_determines_scaler ... ok
test features::transform::tests::abs_return_is_nonnegative ... ok
test features::transform::tests::log_return_correct ... ok
test features::transform::tests::log_returns_timestamps_are_current_bars ... ok
test features::transform::tests::log_return_rejects_non_positive ... ok
test features::transform::tests::log_returns_values_match_manual ... ok
test features::transform::tests::session_aware_keeps_within_session_pairs ... ok
test features::transform::tests::session_aware_two_day_sequence ... ok
test features::transform::tests::log_returns_length_is_n_minus_one ... ok
test features::transform::tests::session_aware_skips_cross_session_pair ... ok
test features::transform::tests::squared_return_equals_log_return_squared ... ok
test model::diagnostics::tests::multistart_canonical_order_sorts_by_mean ... ok
test model::diagnostics::tests::convergence_nonmonotone_history_triggers_warning ... ok
test model::diagnostics::tests::param_validity_bad_pi_fails ... ok
test model::diagnostics::tests::convergence_iter_cap_reports_iteration_cap ... ok
test model::diagnostics::tests::param_validity_nan_mean_fails ... ok
test model::diagnostics::tests::param_validity_near_zero_variance_warns ... ok
test model::diagnostics::tests::convergence_converged_run_reports_converged ... ok
test experiments::runner::tests::routes_synthetic_mode ... ok
test experiments::runner::tests::deterministic_run_id_is_reproducible ... ok
test model::diagnostics::tests::posterior_validity_clean_fit_within_tolerance ... ok
test model::diagnostics::tests::convergence_monotone_run_is_monotone ... ok
test model::diagnostics::tests::multistart_top2_gap_is_best_minus_runner_up ... ok
test model::diagnostics::tests::posterior_validity_filtered_normalization_near_zero ... ok
test model::diagnostics::tests::regimes_expected_duration_formula_correct ... ok
test model::diagnostics::tests::param_validity_valid_params_passes ... ok
test model::diagnostics::tests::posterior_validity_marginal_consistency_holds ... ok
test model::diagnostics::tests::posterior_validity_t2_no_panic ... ok
test model::diagnostics::tests::posterior_validity_pairwise_normalization_holds ... ok
test model::diagnostics::tests::multistart_runs_sorted_descending ... ok
test model::diagnostics::tests::regimes_suspicious_persistence_warning_emitted ... ok
test model::em::tests::empty_obs_returns_error ... ok
test model::em::tests::m_step_closed_form_k2_t2 ... ok
test model::em::tests::m_step_transition_denom_excludes_last_step ... ok
test model::em::tests::m_step_freezes_degenerate_regime ... ok
test model::diagnostics::tests::regimes_hard_counts_sum_to_t ... ok
test model::em::tests::minimal_sample_no_panic ... ok
test model::em::tests::pi_update_equals_smoothed_at_t0 ... ok
test model::em::tests::result_fields_consistent ... ok
test model::diagnostics::tests::regimes_separated_k2_finite_durations_and_occupancy ... ok
test model::em::tests::converges_and_improves_likelihood ... ok
test model::em::tests::zero_iterations_returns_baseline ... ok
test model::em::tests::transition_rows_sum_to_one ... ok
test model::em::tests::log_likelihood_nondecreasing ... ok
test model::emission::tests::test_density_decreases_away_from_mean ... ok
test model::emission::tests::test_density_symmetric_around_mean ... ok
test model::emission::tests::test_log_density_formula_explicit ... ok
test model::emission::tests::test_larger_variance_lower_peak ... ok
test model::emission::tests::test_peak_density_at_mean ... ok
test model::filter::tests::test_empty_obs_returns_error ... ok
test model::filter::tests::test_extreme_observation_locks_regime ... ok
test model::filter::tests::test_invalid_params_returns_error ... ok
test model::filter::tests::test_filtered_sum_to_1 ... ok
test model::em::tests::variances_remain_positive ... ok
test model::filter::tests::test_log_likelihood_is_finite ... ok
test model::filter::tests::test_output_lengths ... ok
test model::filter::tests::test_predicted_t1_equals_pi ... ok
test model::filter::tests::test_predicted_sum_to_1 ... ok
test model::filter::tests::test_prediction_step_matches_matrix_multiply ... ok
test model::filter::tests::test_filter_tracks_true_state ... ok
test model::filter::tests::test_t1_exact_log_likelihood ... ok
test model::pairwise::tests::empty_when_single_observation ... ok
test model::filter::tests::test_t1_exact_posterior ... ok
test model::filter::tests::test_probabilities_in_unit_interval ... ok
test model::pairwise::tests::expected_counts_consistent_with_smoothed_occupancy ... ok
test model::em::tests::mean_recovery_on_separated_data ... ok
test model::pairwise::tests::offdiag_dominant_at_regime_switch ... ok
test model::pairwise::tests::pairwise_is_deterministic ... ok
test model::pairwise::tests::structural_invariants_k2_mixing ... ok
test model::pairwise::tests::dominant_diagonal_for_persistent_regimes ... ok
test model::pairwise::tests::two_observations_one_transition ... ok
test model::pairwise::tests::multi_seed_invariants ... ok
test model::simulate::tests::changepoints_are_1based ... ok
test model::simulate::tests::changepoints_empty_states ... ok
test model::pairwise::tests::weak_separation_pairwise_remains_diffuse ... ok
test model::pairwise::tests::structural_invariants_k2_persistent ... ok
test model::simulate::tests::changepoints_every_step ... ok
test model::simulate::tests::changepoints_no_switch ... ok
test model::simulate::tests::changepoints_simulated_frequency ... ok
test model::simulate::tests::changepoints_single_known_switch ... ok
test model::simulate::tests::changepoints_single_observation ... ok
test experiments::real_backend::tests::resolve_data_missing_cache_returns_error ... ok
test model::pairwise::tests::long_sample_numerical_stability ... ok
test model::em::tests::log_likelihood_nondecreasing_k3 ... ok
test model::pairwise::tests::structural_invariants_k3 ... ok
test model::simulate::tests::test_validate_rejects_bad_pi_sum ... ok
test model::simulate::tests::test_validate_rejects_bad_transition_row ... ok
test model::simulate::tests::test_validate_rejects_k1 ... ok
test model::simulate::tests::test_validate_rejects_nonpositive_variance ... ok
test model::smoother::tests::interior_stable_run_filter_and_smooth_converge ... ok
test model::smoother::tests::multi_seed_short_runs ... ok
test model::smoother::tests::single_observation_smoothed_equals_filtered ... ok
test model::smoother::tests::smooth_is_deterministic_given_filter_result ... ok
test model::simulate::tests::test_e_emission_means ... ok
test model::em::tests::multi_seed_ascent ... ok
test model::smoother::tests::smoother_more_decisive_at_regime_boundary ... ok
test model::smoother::tests::smoother_revises_beliefs_at_transition ... ok
test model::simulate::tests::test_f_emission_variances ... ok
test model::smoother::tests::terminal_condition_exact ... ok
test model::smoother::tests::smoothed_accuracy_at_least_as_good_as_filtered ... ok
test model::smoother::tests::weak_separation_smoothed_may_remain_diffuse ... ok
test model::validation::tests::persistent_transitions_slow_posterior_recovery ... ok
test model::simulate::tests::test_b_transition_frequencies ... ok
test model::validation::tests::posterior_shifts_at_hard_regime_change ... ok
test model::simulate::tests::test_d_switching ... ok
test model::simulate::tests::test_a_initial_state_distribution ... ok
test model::smoother::tests::structural_invariants_k2_scenarios ... ok
test model::validation::tests::scenario_a_invariants ... ok
test model::smoother::tests::structural_invariants_k3 ... ok
test model::validation::tests::scenario_b_invariants ... ok
test model::validation::tests::scenario_a_sharp_posteriors ... ok
test model::validation::tests::scenario_d_single_extreme_obs_favors_wide_regime ... ok
test model::validation::tests::scenario_c_invariants ... ok
test model::validation::tests::scenario_d_invariants ... ok
test model::validation::tests::scenario_d_variance_sequence_stable ... ok
test model::validation::tests::scenario_a_classification_accuracy ... ok
test model::validation::tests::scenario_e_invariants ... ok
test model::validation::tests::scenario_b_diffuse_vs_sharp_posteriors ... ok
test model::validation::tests::scenario_c_tracks_mean_location ... ok
test model::validation::tests::scenario_g_invariants ... ok
test model::validation::tests::scenario_f_invariants ... ok
test model::validation::tests::scenario_g_multi_seed_short_runs ... ok
test model::validation::tests::scenario_f_predicted_close_to_stationary ... ok
test model::validation::tests::stronger_evidence_speeds_posterior_recovery ... ok
test model::validation::tests::scenario_e_vs_f_persistence_controls_responsiveness ... ok
test model::validation::tests::scenario_e_smooth_evolution ... ok
test online::tests::cumulative_log_score_matches_offline_filter ... ok
test online::tests::edge_case_t1_no_panic ... ok
test online::tests::edge_case_t2_transition_applied ... ok
test online::tests::extreme_observation_returns_err ... ok
test online::tests::independent_states_evolve_identically ... ok
test online::tests::filtered_matches_offline_filter_at_every_step ... ok
test model::validation::tests::three_regime_invariants ... ok
test online::tests::init_k3_correct_length ... ok
test online::tests::init_state_matches_pi ... ok
test online::tests::predicted_next_matches_offline_filter_predicted ... ok
test online::tests::step_filtered_sums_to_one ... ok
test online::tests::step_increments_t ... ok
test online::tests::step_loop_deterministic ... ok
test online::tests::step_predicted_next_sums_to_one ... ok
test online::tests::step_predictive_density_matches_manual_at_t1 ... ok
test real_eval::report::tests::combined_eval_returns_summary ... ok
test model::validation::tests::three_regime_classification_accuracy ... ok
test online::tests::step_result_has_only_causal_fields ... ok
test real_eval::route_a::tests::delay_is_first_alarm_minus_event_anchor ... ok
test real_eval::route_a::tests::causal_only_rejects_pre_event_alarm ... ok
test real_eval::route_a::tests::empty_events_and_alarms_is_safe ... ok
test real_eval::route_a::tests::point_event_alignment_with_symmetric_window ... ok
test real_eval::route_a::tests::window_event_alignment_works ... ok
test real_eval::route_b::tests::empty_series_is_safe ... ok
test real_eval::route_b::tests::segment_stats_capture_mean_shift ... ok
test real_eval::route_b::tests::segments_follow_half_open_rule ... ok
test model::simulate::tests::test_c_persistence ... ok
test real_eval::route_b::tests::min_len_policy_flags_short_segments ... ok
test reporting::plot::delay_distribution::tests::test_delay_distribution_input_serialization ... ok
test reporting::plot::detector_scores::tests::test_detector_scores_input_serialization ... ok
test reporting::plot::regime_posteriors::tests::test_regime_posterior_input_serialization ... ok
test reporting::plot::segmentation::tests::test_segmentation_input_serialization ... ok
test reporting::report::tests::test_run_reporter_creation ... ok
test reporting::table::metrics::tests::test_empty_table ... ok
test reporting::table::metrics::tests::test_metrics_table_csv ... ok
test reporting::table::metrics::tests::test_metrics_table_latex ... ok
test reporting::plot::signal_alarms::tests::test_signal_with_alarms_input_serialization ... ok
test reporting::report::tests::test_aggregate_reporter_creation ... ok
test reporting::table::metrics::tests::test_metrics_table_markdown ... ok
test model::smoother::tests::long_sample_numerical_stability ... ok
test model::validation::tests::scenario_h_per_step_log_likelihood_stable ... ok
test model::validation::tests::scenario_h_invariants ... ok
test model::validation::tests::scenario_h_final_distribution_valid ... ok
test experiments::real_backend::tests::resolve_data_train_n_is_seventy_percent ... ok
test experiments::real_backend::tests::resolve_data_date_filter_trims_correctly ... ok
test experiments::real_backend::tests::full_pipeline_with_fixture_data ... ok

test result: ok. 328 passed; 0 failed; 0 ignored; 0 measured; 0 filtered out; finished in 0.16s

